2026-09-23 00:13:53 [INFO] CSC is loading...   Success！
2026-09-23 00:15:22 [INFO]    _____  _____  _____ 
2026-09-23 00:15:22 [INFO]   / ____|/ ____|/ ____|
2026-09-23 00:15:22 [INFO]  | |    | (___ | |        [CSC] Version: v2.27.45
2026-09-23 00:15:22 [INFO]  | |     \___ \| |        Minecraft Version: 1.21.1 neoforge
2026-09-23 00:15:22 [INFO]  | |____ ____) | |____    Problem/Feedback: Discord: https://discord.gg/rQV5JPauY7
2026-09-23 00:15:22 [INFO]   \_____|_____/ \_____|
2026-09-23 00:15:22 [INFO]                        
2026-09-23 00:15:22 [INFO] Security notice: Mod id whitelist mode is enabled. This feature restricts printing blocks from mods outside the whitelist to reduce the risk of blueprint vulnerabilities from unknown mods.
If the administrator already understands this security notice, disable the notice with: /csc notice whitelistid off
Control mod id whitelist mode: /csc mode whitelistid on|off
Open config/CSC/config.toml for more detailed configuration.
2026-09-23 00:33:26 [INFO] CSC close completely, thanks for using!
2026-09-23 00:41:33 [INFO] CSC is loading...   Success！
2026-09-23 00:43:05 [INFO]    _____  _____  _____ 
2026-09-23 00:43:05 [INFO]   / ____|/ ____|/ ____|
2026-09-23 00:43:05 [INFO]  | |    | (___ | |        [CSC] Version: v2.27.45
2026-09-23 00:43:05 [INFO]  | |     \___ \| |        Minecraft Version: 1.21.1 neoforge
2026-09-23 00:43:05 [INFO]  | |____ ____) | |____    Problem/Feedback: Discord: https://discord.gg/rQV5JPauY7
2026-09-23 00:43:05 [INFO]   \_____|_____/ \_____|
2026-09-23 00:43:05 [INFO]                        
2026-09-23 00:43:05 [INFO] Security notice: Mod id whitelist mode is enabled. This feature restricts printing blocks from mods outside the whitelist to reduce the risk of blueprint vulnerabilities from unknown mods.
If the administrator already understands this security notice, disable the notice with: /csc notice whitelistid off
Control mod id whitelist mode: /csc mode whitelistid on|off
Open config/CSC/config.toml for more detailed configuration.
2026-09-23 01:56:26 [INFO] CSC close completely, thanks for using!
2026-09-23 01:59:15 [INFO] CSC is loading...   Success！
2026-09-23 02:01:22 [INFO] CSC is loading...   Success！
2026-09-23 02:02:21 [INFO]    _____  _____  _____ 
2026-09-23 02:02:21 [INFO]   / ____|/ ____|/ ____|
2026-09-23 02:02:21 [INFO]  | |    | (___ | |        [CSC] Version: v2.27.45
2026-09-23 02:02:21 [INFO]  | |     \___ \| |        Minecraft Version: 1.21.1 neoforge
2026-09-23 02:02:21 [INFO]  | |____ ____) | |____    Problem/Feedback: Discord: https://discord.gg/rQV5JPauY7
2026-09-23 02:02:21 [INFO]   \_____|_____/ \_____|
2026-09-23 02:02:21 [INFO]                        
2026-09-23 02:02:21 [INFO] Security notice: Mod id whitelist mode is enabled. This feature restricts printing blocks from mods outside the whitelist to reduce the risk of blueprint vulnerabilities from unknown mods.
If the administrator already understands this security notice, disable the notice with: /csc notice whitelistid off
Control mod id whitelist mode: /csc mode whitelistid on|off
Open config/CSC/config.toml for more detailed configuration.
2026-09-23 02:03:21 [INFO]  Reloading configuration--
2026-09-23 02:03:21 [INFO]  Configuration loaded
2026-09-23 02:06:38 [INFO] CSC close completely, thanks for using!
2026-09-23 02:08:37 [INFO] CSC is loading...   Success！
2026-09-23 02:09:34 [INFO]    _____  _____  _____ 
2026-09-23 02:09:34 [INFO]   / ____|/ ____|/ ____|
2026-09-23 02:09:34 [INFO]  | |    | (___ | |        [CSC] Version: v2.27.45
2026-09-23 02:09:34 [INFO]  | |     \___ \| |        Minecraft Version: 1.21.1 neoforge
2026-09-23 02:09:34 [INFO]  | |____ ____) | |____    Problem/Feedback: Discord: https://discord.gg/rQV5JPauY7
2026-09-23 02:09:34 [INFO]   \_____|_____/ \_____|
2026-09-23 02:09:34 [INFO]                        
2026-09-23 02:21:44 [INFO] CSC close completely, thanks for using!
2026-09-23 02:24:04 [INFO] CSC is loading...   Success！
2026-09-23 02:26:21 [INFO] CSC is loading...   Success！
2026-09-23 02:27:18 [INFO]    _____  _____  _____ 
2026-09-23 02:27:18 [INFO]   / ____|/ ____|/ ____|
2026-09-23 02:27:18 [INFO]  | |    | (___ | |        [CSC] Version: v2.27.45
2026-09-23 02:27:18 [INFO]  | |     \___ \| |        Minecraft Version: 1.21.1 neoforge
2026-09-23 02:27:18 [INFO]  | |____ ____) | |____    Problem/Feedback: Discord: https://discord.gg/rQV5JPauY7
2026-09-23 02:27:18 [INFO]   \_____|_____/ \_____|
2026-09-23 02:27:18 [INFO]                        
2026-09-23 02:32:55 [INFO] CSC close completely, thanks for using!
2026-09-23 02:36:45 [INFO] CSC is loading...   Success！
2026-09-23 02:37:58 [INFO]    _____  _____  _____ 
2026-09-23 02:37:58 [INFO]   / ____|/ ____|/ ____|
2026-09-23 02:37:58 [INFO]  | |    | (___ | |        [CSC] Version: v2.27.45
2026-09-23 02:37:58 [INFO]  | |     \___ \| |        Minecraft Version: 1.21.1 neoforge
2026-09-23 02:37:58 [INFO]  | |____ ____) | |____    Problem/Feedback: Discord: https://discord.gg/rQV5JPauY7
2026-09-23 02:37:58 [INFO]   \_____|_____/ \_____|
2026-09-23 02:37:58 [INFO]                        
2026-09-23 02:42:50 [INFO] CSC close completely, thanks for using!
2026-09-23 02:46:00 [INFO] CSC is loading...   Success！
2026-09-23 02:48:00 [INFO]    _____  _____  _____ 
2026-09-23 02:48:00 [INFO]   / ____|/ ____|/ ____|
2026-09-23 02:48:00 [INFO]  | |    | (___ | |        [CSC] Version: v2.27.45
2026-09-23 02:48:00 [INFO]  | |     \___ \| |        Minecraft Version: 1.21.1 neoforge
2026-09-23 02:48:00 [INFO]  | |____ ____) | |____    Problem/Feedback: Discord: https://discord.gg/rQV5JPauY7
2026-09-23 02:48:00 [INFO]   \_____|_____/ \_____|
2026-09-23 02:48:00 [INFO]                        
2026-09-23 02:56:33 [INFO] CSC close completely, thanks for using!
2026-09-23 02:58:22 [INFO] CSC is loading...   Success！
2026-09-23 03:02:06 [INFO] CSC is loading...   Success！
2026-09-23 03:04:40 [INFO]    _____  _____  _____ 
2026-09-23 03:04:40 [INFO]   / ____|/ ____|/ ____|
2026-09-23 03:04:40 [INFO]  | |    | (___ | |        [CSC] Version: v2.27.45
2026-09-23 03:04:40 [INFO]  | |     \___ \| |        Minecraft Version: 1.21.1 neoforge
2026-09-23 03:04:40 [INFO]  | |____ ____) | |____    Problem/Feedback: Discord: https://discord.gg/rQV5JPauY7
2026-09-23 03:04:40 [INFO]   \_____|_____/ \_____|
2026-09-23 03:04:40 [INFO]                        
2026-09-23 03:17:44 [INFO] CSC close completely, thanks for using!
2026-09-23 16:28:30 [INFO] CSC is loading...   Success！
2026-09-23 16:29:58 [INFO]    _____  _____  _____ 
2026-09-23 16:29:58 [INFO]   / ____|/ ____|/ ____|
2026-09-23 16:29:58 [INFO]  | |    | (___ | |        [CSC] Version: v2.27.45
2026-09-23 16:29:58 [INFO]  | |     \___ \| |        Minecraft Version: 1.21.1 neoforge
2026-09-23 16:29:58 [INFO]  | |____ ____) | |____    Problem/Feedback: Discord: https://discord.gg/rQV5JPauY7
2026-09-23 16:29:58 [INFO]   \_____|_____/ \_____|
2026-09-23 16:29:58 [INFO]                        
2026-09-23 16:34:07 [INFO] CSC close completely, thanks for using!
2026-09-23 16:35:46 [INFO] CSC is loading...   Success！
2026-09-23 16:37:11 [INFO]    _____  _____  _____ 
2026-09-23 16:37:11 [INFO]   / ____|/ ____|/ ____|
2026-09-23 16:37:11 [INFO]  | |    | (___ | |        [CSC] Version: v2.27.45
2026-09-23 16:37:11 [INFO]  | |     \___ \| |        Minecraft Version: 1.21.1 neoforge
2026-09-23 16:37:11 [INFO]  | |____ ____) | |____    Problem/Feedback: Discord: https://discord.gg/rQV5JPauY7
2026-09-23 16:37:11 [INFO]   \_____|_____/ \_____|
2026-09-23 16:37:11 [INFO]                        
2026-09-23 16:39:44 [INFO] CSC close completely, thanks for using!
2026-09-23 17:59:26 [INFO] CSC is loading...   Success！
2026-09-23 18:01:01 [INFO]    _____  _____  _____ 
2026-09-23 18:01:01 [INFO]   / ____|/ ____|/ ____|
2026-09-23 18:01:01 [INFO]  | |    | (___ | |        [CSC] Version: v2.27.45
2026-09-23 18:01:01 [INFO]  | |     \___ \| |        Minecraft Version: 1.21.1 neoforge
2026-09-23 18:01:01 [INFO]  | |____ ____) | |____    Problem/Feedback: Discord: https://discord.gg/rQV5JPauY7
2026-09-23 18:01:01 [INFO]   \_____|_____/ \_____|
2026-09-23 18:01:01 [INFO]                        
2026-09-23 18:13:43 [INFO] CSC close completely, thanks for using!
2026-09-23 18:14:28 [INFO]    _____  _____  _____ 
2026-09-23 18:14:28 [INFO]   / ____|/ ____|/ ____|
2026-09-23 18:14:28 [INFO]  | |    | (___ | |        [CSC] Version: v2.27.45
2026-09-23 18:14:28 [INFO]  | |     \___ \| |        Minecraft Version: 1.21.1 neoforge
2026-09-23 18:14:28 [INFO]  | |____ ____) | |____    Problem/Feedback: Discord: https://discord.gg/rQV5JPauY7
2026-09-23 18:14:28 [INFO]   \_____|_____/ \_____|
2026-09-23 18:14:28 [INFO]                        
2026-09-23 18:15:14 [INFO] CSC close completely, thanks for using!
2026-09-23 18:17:04 [INFO] CSC is loading...   Success！
2026-09-23 18:25:02 [INFO] CSC is loading...   Success！
2026-09-23 18:26:00 [INFO]    _____  _____  _____ 
2026-09-23 18:26:00 [INFO]   / ____|/ ____|/ ____|
2026-09-23 18:26:00 [INFO]  | |    | (___ | |        [CSC] Version: v2.27.45
2026-09-23 18:26:00 [INFO]  | |     \___ \| |        Minecraft Version: 1.21.1 neoforge
2026-09-23 18:26:00 [INFO]  | |____ ____) | |____    Problem/Feedback: Discord: https://discord.gg/rQV5JPauY7
2026-09-23 18:26:00 [INFO]   \_____|_____/ \_____|
2026-09-23 18:26:00 [INFO]                        
2026-09-23 20:00:49 [INFO] CSC close completely, thanks for using!
2026-09-23 20:02:55 [INFO] CSC is loading...   Success！
2026-09-23 20:03:53 [INFO]    _____  _____  _____ 
2026-09-23 20:03:53 [INFO]   / ____|/ ____|/ ____|
2026-09-23 20:03:53 [INFO]  | |    | (___ | |        [CSC] Version: v2.27.45
2026-09-23 20:03:53 [INFO]  | |     \___ \| |        Minecraft Version: 1.21.1 neoforge
2026-09-23 20:03:53 [INFO]  | |____ ____) | |____    Problem/Feedback: Discord: https://discord.gg/rQV5JPauY7
2026-09-23 20:03:53 [INFO]   \_____|_____/ \_____|
2026-09-23 20:03:53 [INFO]                        
2026-09-23 21:07:21 [INFO] CSC close completely, thanks for using!
2026-09-23 21:07:46 [INFO]    _____  _____  _____ 
2026-09-23 21:07:46 [INFO]   / ____|/ ____|/ ____|
2026-09-23 21:07:46 [INFO]  | |    | (___ | |        [CSC] Version: v2.27.45
2026-09-23 21:07:46 [INFO]  | |     \___ \| |        Minecraft Version: 1.21.1 neoforge
2026-09-23 21:07:46 [INFO]  | |____ ____) | |____    Problem/Feedback: Discord: https://discord.gg/rQV5JPauY7
2026-09-23 21:07:46 [INFO]   \_____|_____/ \_____|
2026-09-23 21:07:46 [INFO]                        
2026-09-23 22:35:25 [INFO] thread run！goal =》./schematics/uploaded/CharlieDelta99/f35_vtol_3.nbt
2026-09-23 22:35:25 [INFO] Meow, output schematic item list!
2026-09-23 22:35:25 [INFO] ID: create_connected:six_way_gearbox, Count: 2
2026-09-23 22:35:25 [INFO] ID: sophisticatedbackpacks:backpack, Count: 1
2026-09-23 22:35:25 [INFO] ID: aeroworks:gyroscope, Count: 2
2026-09-23 22:35:25 [INFO] ID: create:redstone_link, Count: 1
2026-09-23 22:35:25 [INFO] ID: hotstuff:copycat_link_casing, Count: 1
2026-09-23 22:35:25 [INFO] ID: create:mechanical_pump, Count: 2
2026-09-23 22:35:25 [INFO] ID: create_connected:parallel_gearbox, Count: 2
2026-09-23 22:35:25 [INFO] ID: dndesires:omni_speed_controller, Count: 1
2026-09-23 22:35:25 [INFO] ID: createpropulsion:ion_thruster_block_entity, Count: 5
2026-09-23 22:35:25 [INFO] ID: create:powered_toggle_latch, Count: 3
2026-09-23 22:35:25 [INFO] ID: copycats:copycat_shaft, Count: 1
2026-09-23 22:35:25 [INFO] ID: simulated:torsion_spring, Count: 3
2026-09-23 22:35:25 [INFO] ID: gnkinetics:cogwheel, Count: 3
2026-09-23 22:35:25 [INFO] ID: aeronautics:andesite_propeller, Count: 2
2026-09-23 22:35:25 [INFO] ID: hotstuff:analog_torsion_spring, Count: 4
2026-09-23 22:35:25 [INFO] ID: createaddition:alternator, Count: 2
2026-09-23 22:35:25 [INFO] ID: createpropulsion:copycat_wing_block_entity, Count: 93
2026-09-23 22:35:25 [INFO] ID: create:black_seat, Count: 1
2026-09-23 22:35:25 [INFO] ID: create:mechanical_bearing, Count: 7
2026-09-23 22:35:25 [INFO] ID: offroad:wheel_mount, Count: 3
2026-09-23 22:35:25 [INFO] ID: createaddition:large_connector, Count: 7
2026-09-23 22:35:25 [INFO] ID: copycats:copycat, Count: 142
2026-09-23 22:35:25 [INFO] ID: copycats:multistate_copycat, Count: 15
2026-09-23 22:35:25 [INFO] ID: drivebywiretypewriter:typewriter_hub, Count: 1
2026-09-23 22:35:25 [INFO] ID: dndecor:black_stone_metal, Count: 4
2026-09-23 22:35:25 [INFO] ID: simulated:directional_gearshift, Count: 6
2026-09-23 22:35:25 [INFO] ID: createdieselgenerators:large_diesel_engine_tile_entity, Count: 4
2026-09-23 22:35:25 [INFO] ID: create:industrial_iron_block, Count: 2
2026-09-23 22:35:25 [INFO] ID: simulated:swivel_bearing, Count: 3
2026-09-23 22:35:25 [INFO] ID: createcasing:chain_drive, Count: 11
2026-09-23 22:35:25 [INFO] ID: create_connected:inverted_clutch, Count: 1
2026-09-23 22:35:25 [INFO] ID: create:analog_lever, Count: 1
2026-09-23 22:35:25 [INFO] ID: hotstuff:copycat_sail, Count: 94
2026-09-23 22:35:25 [INFO] ID: minecraft:sticky_piston, Count: 1
2026-09-23 22:35:25 [INFO] ID: simulated:redstone_accumulator, Count: 1
2026-09-23 22:35:25 [INFO] ID: create_connected:brass_gearbox, Count: 3
2026-09-23 22:35:25 [INFO] ID: createcasing:gearbox, Count: 9
2026-09-23 22:35:25 [INFO] ID: create:simple_kinetic, Count: 7
2026-09-23 22:35:25 [INFO] ID: create:copycat, Count: 28
2026-09-23 22:35:25 [INFO] ID: copycats:copycat_fluid_pipe, Count: 9
2026-09-23 22:35:25 [INFO] bibi~ scan success time consume：280 ms
2026-09-24 01:47:39 [INFO] CSC close completely, thanks for using!
2026-09-24 14:23:52 [INFO] CSC is loading...   Success！
2026-09-24 14:25:11 [INFO]    _____  _____  _____ 
2026-09-24 14:25:11 [INFO]   / ____|/ ____|/ ____|
2026-09-24 14:25:11 [INFO]  | |    | (___ | |        [CSC] Version: v2.27.45
2026-09-24 14:25:11 [INFO]  | |     \___ \| |        Minecraft Version: 1.21.1 neoforge
2026-09-24 14:25:11 [INFO]  | |____ ____) | |____    Problem/Feedback: Discord: https://discord.gg/rQV5JPauY7
2026-09-24 14:25:11 [INFO]   \_____|_____/ \_____|
2026-09-24 14:25:11 [INFO]                        
2026-09-24 16:24:32 [INFO] CSC close completely, thanks for using!
2026-09-24 21:43:22 [INFO] CSC is loading...   Success！
2026-09-24 21:44:19 [INFO]    _____  _____  _____ 
2026-09-24 21:44:19 [INFO]   / ____|/ ____|/ ____|
2026-09-24 21:44:19 [INFO]  | |    | (___ | |        [CSC] Version: v2.27.45
2026-09-24 21:44:19 [INFO]  | |     \___ \| |        Minecraft Version: 1.21.1 neoforge
2026-09-24 21:44:19 [INFO]  | |____ ____) | |____    Problem/Feedback: Discord: https://discord.gg/rQV5JPauY7
2026-09-24 21:44:19 [INFO]   \_____|_____/ \_____|
2026-09-24 21:44:19 [INFO]                        
2026-09-24 21:46:00 [INFO] CSC close completely, thanks for using!
2026-09-24 21:47:35 [INFO] CSC is loading...   Success！
2026-09-24 21:49:15 [INFO]    _____  _____  _____ 
2026-09-24 21:49:15 [INFO]   / ____|/ ____|/ ____|
2026-09-24 21:49:15 [INFO]  | |    | (___ | |        [CSC] Version: v2.27.45
2026-09-24 21:49:15 [INFO]  | |     \___ \| |        Minecraft Version: 1.21.1 neoforge
2026-09-24 21:49:15 [INFO]  | |____ ____) | |____    Problem/Feedback: Discord: https://discord.gg/rQV5JPauY7
2026-09-24 21:49:15 [INFO]   \_____|_____/ \_____|
2026-09-24 21:49:15 [INFO]                        
2026-09-24 21:53:23 [INFO] CSC close completely, thanks for using!
2026-09-24 21:55:30 [INFO] CSC is loading...   Success！
2026-09-24 21:56:44 [INFO]    _____  _____  _____ 
2026-09-24 21:56:44 [INFO]   / ____|/ ____|/ ____|
2026-09-24 21:56:44 [INFO]  | |    | (___ | |        [CSC] Version: v2.27.45
2026-09-24 21:56:44 [INFO]  | |     \___ \| |        Minecraft Version: 1.21.1 neoforge
2026-09-24 21:56:44 [INFO]  | |____ ____) | |____    Problem/Feedback: Discord: https://discord.gg/rQV5JPauY7
2026-09-24 21:56:44 [INFO]   \_____|_____/ \_____|
2026-09-24 21:56:44 [INFO]                        
2026-09-24 21:59:21 [INFO] CSC close completely, thanks for using!
2026-09-24 22:21:25 [INFO] CSC is loading...   Success！
2026-09-24 22:23:17 [INFO]    _____  _____  _____ 
2026-09-24 22:23:17 [INFO]   / ____|/ ____|/ ____|
2026-09-24 22:23:17 [INFO]  | |    | (___ | |        [CSC] Version: v2.27.45
2026-09-24 22:23:17 [INFO]  | |     \___ \| |        Minecraft Version: 1.21.1 neoforge
2026-09-24 22:23:17 [INFO]  | |____ ____) | |____    Problem/Feedback: Discord: https://discord.gg/rQV5JPauY7
2026-09-24 22:23:17 [INFO]   \_____|_____/ \_____|
2026-09-24 22:23:17 [INFO]                        
2026-09-24 22:36:35 [INFO] CSC close completely, thanks for using!
2026-09-24 22:42:44 [INFO] CSC is loading...   Success！
2026-09-24 22:43:59 [INFO]    _____  _____  _____ 
2026-09-24 22:43:59 [INFO]   / ____|/ ____|/ ____|
2026-09-24 22:43:59 [INFO]  | |    | (___ | |        [CSC] Version: v2.27.45
2026-09-24 22:43:59 [INFO]  | |     \___ \| |        Minecraft Version: 1.21.1 neoforge
2026-09-24 22:43:59 [INFO]  | |____ ____) | |____    Problem/Feedback: Discord: https://discord.gg/rQV5JPauY7
2026-09-24 22:43:59 [INFO]   \_____|_____/ \_____|
2026-09-24 22:43:59 [INFO]                        
2026-09-24 22:51:33 [INFO] CSC close completely, thanks for using!
2026-09-24 22:54:06 [INFO]    _____  _____  _____ 
2026-09-24 22:54:06 [INFO]   / ____|/ ____|/ ____|
2026-09-24 22:54:06 [INFO]  | |    | (___ | |        [CSC] Version: v2.27.45
2026-09-24 22:54:06 [INFO]  | |     \___ \| |        Minecraft Version: 1.21.1 neoforge
2026-09-24 22:54:06 [INFO]  | |____ ____) | |____    Problem/Feedback: Discord: https://discord.gg/rQV5JPauY7
2026-09-24 22:54:06 [INFO]   \_____|_____/ \_____|
2026-09-24 22:54:06 [INFO]                        
2026-09-24 22:56:21 [INFO] CSC close completely, thanks for using!
2026-09-24 22:56:38 [INFO]    _____  _____  _____ 
2026-09-24 22:56:38 [INFO]   / ____|/ ____|/ ____|
2026-09-24 22:56:38 [INFO]  | |    | (___ | |        [CSC] Version: v2.27.45
2026-09-24 22:56:38 [INFO]  | |     \___ \| |        Minecraft Version: 1.21.1 neoforge
2026-09-24 22:56:38 [INFO]  | |____ ____) | |____    Problem/Feedback: Discord: https://discord.gg/rQV5JPauY7
2026-09-24 22:56:38 [INFO]   \_____|_____/ \_____|
2026-09-24 22:56:38 [INFO]                        
2026-09-24 22:59:42 [INFO] thread run！goal =》./schematics/uploaded/CharlieDelta99/test_plane.nbt
2026-09-24 22:59:42 [INFO] Meow, output schematic item list!
2026-09-24 22:59:42 [INFO] ID: offroad:wheel_mount, Count: 4
2026-09-24 22:59:42 [INFO] ID: create_flight_control:hud_projector, Count: 1
2026-09-24 22:59:42 [INFO] ID: create_flight_control:smart_vector_thruster, Count: 2
2026-09-24 22:59:42 [INFO] ID: sophisticatedbackpacks:backpack, Count: 3
2026-09-24 22:59:42 [INFO] ID: create_flight_control:flight_control_redstone_proxy, Count: 2
2026-09-24 22:59:42 [INFO] ID: compactflap:analog_compact_flap_bearing, Count: 5
2026-09-24 22:59:42 [INFO] ID: createdieselgenerators:large_diesel_engine_tile_entity, Count: 3
2026-09-24 22:59:42 [INFO] ID: create_flight_control:flight_control_computer, Count: 1
2026-09-24 22:59:42 [INFO] ID: simulated:throttle_lever, Count: 1
2026-09-24 22:59:42 [INFO] ID: create:gearbox, Count: 6
2026-09-24 22:59:42 [INFO] ID: drivebysable:cable_typewriter_hub, Count: 1
2026-09-24 22:59:42 [INFO] ID: hotstuff:copycat_sail, Count: 33
2026-09-24 22:59:42 [INFO] ID: create_connected:brass_gearbox, Count: 2
2026-09-24 22:59:42 [INFO] ID: create_flight_control:mouse_flight_controller, Count: 1
2026-09-24 22:59:42 [INFO] ID: create:red_seat, Count: 1
2026-09-24 22:59:42 [INFO] ID: create_flight_control:forward_indicator, Count: 1
2026-09-24 22:59:42 [INFO] ID: create_flight_control:integrated_sail, Count: 29
2026-09-24 22:59:42 [INFO] ID: create_flight_control:velocity_coupler, Count: 1
2026-09-24 22:59:42 [INFO] bibi~ scan success time consume：68 ms
2026-09-24 23:19:36 [INFO] CSC is loading...   Success！
2026-09-24 23:20:41 [INFO]    _____  _____  _____ 
2026-09-24 23:20:41 [INFO]   / ____|/ ____|/ ____|
2026-09-24 23:20:41 [INFO]  | |    | (___ | |        [CSC] Version: v2.27.45
2026-09-24 23:20:41 [INFO]  | |     \___ \| |        Minecraft Version: 1.21.1 neoforge
2026-09-24 23:20:41 [INFO]  | |____ ____) | |____    Problem/Feedback: Discord: https://discord.gg/rQV5JPauY7
2026-09-24 23:20:41 [INFO]   \_____|_____/ \_____|
2026-09-24 23:20:41 [INFO]                        
2026-09-24 23:20:52 [INFO] CSC close completely, thanks for using!
2026-09-24 23:24:32 [INFO] CSC is loading...   Success！
2026-09-24 23:28:50 [INFO]    _____  _____  _____ 
2026-09-24 23:28:50 [INFO]   / ____|/ ____|/ ____|
2026-09-24 23:28:50 [INFO]  | |    | (___ | |        [CSC] Version: v2.27.45
2026-09-24 23:28:50 [INFO]  | |     \___ \| |        Minecraft Version: 1.21.1 neoforge
2026-09-24 23:28:50 [INFO]  | |____ ____) | |____    Problem/Feedback: Discord: https://discord.gg/rQV5JPauY7
2026-09-24 23:28:50 [INFO]   \_____|_____/ \_____|
2026-09-24 23:28:50 [INFO]                        
2026-09-24 23:29:00 [INFO] CSC close completely, thanks for using!
2026-09-24 23:30:57 [INFO] CSC is loading...   Success！
2026-09-24 23:32:12 [INFO]    _____  _____  _____ 
2026-09-24 23:32:12 [INFO]   / ____|/ ____|/ ____|
2026-09-24 23:32:12 [INFO]  | |    | (___ | |        [CSC] Version: v2.27.45
2026-09-24 23:32:12 [INFO]  | |     \___ \| |        Minecraft Version: 1.21.1 neoforge
2026-09-24 23:32:12 [INFO]  | |____ ____) | |____    Problem/Feedback: Discord: https://discord.gg/rQV5JPauY7
2026-09-24 23:32:12 [INFO]   \_____|_____/ \_____|
2026-09-24 23:32:12 [INFO]                        
2026-09-24 23:34:50 [INFO] CSC close completely, thanks for using!
2026-09-24 23:35:08 [INFO]    _____  _____  _____ 
2026-09-24 23:35:08 [INFO]   / ____|/ ____|/ ____|
2026-09-24 23:35:08 [INFO]  | |    | (___ | |        [CSC] Version: v2.27.45
2026-09-24 23:35:08 [INFO]  | |     \___ \| |        Minecraft Version: 1.21.1 neoforge
2026-09-24 23:35:08 [INFO]  | |____ ____) | |____    Problem/Feedback: Discord: https://discord.gg/rQV5JPauY7
2026-09-24 23:35:08 [INFO]   \_____|_____/ \_____|
2026-09-24 23:35:08 [INFO]                        
2026-09-24 23:35:47 [INFO] CSC close completely, thanks for using!
2026-09-24 23:38:27 [INFO] CSC is loading...   Success！
2026-09-24 23:39:25 [INFO]    _____  _____  _____ 
2026-09-24 23:39:25 [INFO]   / ____|/ ____|/ ____|
2026-09-24 23:39:25 [INFO]  | |    | (___ | |        [CSC] Version: v2.27.45
2026-09-24 23:39:25 [INFO]  | |     \___ \| |        Minecraft Version: 1.21.1 neoforge
2026-09-24 23:39:25 [INFO]  | |____ ____) | |____    Problem/Feedback: Discord: https://discord.gg/rQV5JPauY7
2026-09-24 23:39:25 [INFO]   \_____|_____/ \_____|
2026-09-24 23:39:25 [INFO]                        
2026-09-24 23:40:23 [INFO] CSC close completely, thanks for using!
2026-09-24 23:40:40 [INFO]    _____  _____  _____ 
2026-09-24 23:40:40 [INFO]   / ____|/ ____|/ ____|
2026-09-24 23:40:40 [INFO]  | |    | (___ | |        [CSC] Version: v2.27.45
2026-09-24 23:40:40 [INFO]  | |     \___ \| |        Minecraft Version: 1.21.1 neoforge
2026-09-24 23:40:40 [INFO]  | |____ ____) | |____    Problem/Feedback: Discord: https://discord.gg/rQV5JPauY7
2026-09-24 23:40:40 [INFO]   \_____|_____/ \_____|
2026-09-24 23:40:40 [INFO]                        
2026-09-24 23:41:32 [INFO] CSC close completely, thanks for using!
2026-09-24 23:43:38 [INFO] CSC is loading...   Success！
2026-09-24 23:44:49 [INFO]    _____  _____  _____ 
2026-09-24 23:44:49 [INFO]   / ____|/ ____|/ ____|
2026-09-24 23:44:49 [INFO]  | |    | (___ | |        [CSC] Version: v2.27.45
2026-09-24 23:44:49 [INFO]  | |     \___ \| |        Minecraft Version: 1.21.1 neoforge
2026-09-24 23:44:49 [INFO]  | |____ ____) | |____    Problem/Feedback: Discord: https://discord.gg/rQV5JPauY7
2026-09-24 23:44:49 [INFO]   \_____|_____/ \_____|
2026-09-24 23:44:49 [INFO]                        
2026-09-24 23:46:35 [INFO] CSC close completely, thanks for using!
2026-09-24 23:46:51 [INFO]    _____  _____  _____ 
2026-09-24 23:46:51 [INFO]   / ____|/ ____|/ ____|
2026-09-24 23:46:51 [INFO]  | |    | (___ | |        [CSC] Version: v2.27.45
2026-09-24 23:46:51 [INFO]  | |     \___ \| |        Minecraft Version: 1.21.1 neoforge
2026-09-24 23:46:51 [INFO]  | |____ ____) | |____    Problem/Feedback: Discord: https://discord.gg/rQV5JPauY7
2026-09-24 23:46:51 [INFO]   \_____|_____/ \_____|
2026-09-24 23:46:51 [INFO]                        
2026-09-25 00:13:52 [INFO] CSC close completely, thanks for using!
2026-09-25 15:26:58 [INFO] CSC is loading...   Success！
2026-09-25 15:30:58 [INFO] CSC is loading...   Success！
2026-09-25 15:34:32 [INFO] CSC is loading...   Success！
2026-09-25 15:39:04 [INFO]    _____  _____  _____ 
2026-09-25 15:39:04 [INFO]   / ____|/ ____|/ ____|
2026-09-25 15:39:04 [INFO]  | |    | (___ | |        [CSC] Version: v2.27.45
2026-09-25 15:39:04 [INFO]  | |     \___ \| |        Minecraft Version: 1.21.1 neoforge
2026-09-25 15:39:04 [INFO]  | |____ ____) | |____    Problem/Feedback: Discord: https://discord.gg/rQV5JPauY7
2026-09-25 15:39:04 [INFO]   \_____|_____/ \_____|
2026-09-25 15:39:04 [INFO]                        
2026-09-25 15:40:54 [INFO] CSC close completely, thanks for using!
2026-09-25 15:41:20 [INFO]    _____  _____  _____ 
2026-09-25 15:41:20 [INFO]   / ____|/ ____|/ ____|
2026-09-25 15:41:20 [INFO]  | |    | (___ | |        [CSC] Version: v2.27.45
2026-09-25 15:41:20 [INFO]  | |     \___ \| |        Minecraft Version: 1.21.1 neoforge
2026-09-25 15:41:20 [INFO]  | |____ ____) | |____    Problem/Feedback: Discord: https://discord.gg/rQV5JPauY7
2026-09-25 15:41:20 [INFO]   \_____|_____/ \_____|
2026-09-25 15:41:20 [INFO]                        
2026-09-25 15:41:35 [INFO] CSC close completely, thanks for using!
2026-09-25 15:43:16 [INFO] CSC is loading...   Success！
2026-09-25 15:45:07 [INFO]    _____  _____  _____ 
2026-09-25 15:45:07 [INFO]   / ____|/ ____|/ ____|
2026-09-25 15:45:07 [INFO]  | |    | (___ | |        [CSC] Version: v2.27.45
2026-09-25 15:45:07 [INFO]  | |     \___ \| |        Minecraft Version: 1.21.1 neoforge
2026-09-25 15:45:07 [INFO]  | |____ ____) | |____    Problem/Feedback: Discord: https://discord.gg/rQV5JPauY7
2026-09-25 15:45:07 [INFO]   \_____|_____/ \_____|
2026-09-25 15:45:07 [INFO]                        
2026-09-25 15:46:11 [INFO] CSC close completely, thanks for using!
2026-09-25 15:48:28 [INFO] CSC is loading...   Success！
2026-09-25 15:55:13 [INFO] CSC is loading...   Success！
2026-09-25 15:56:33 [INFO]    _____  _____  _____ 
2026-09-25 15:56:33 [INFO]   / ____|/ ____|/ ____|
2026-09-25 15:56:33 [INFO]  | |    | (___ | |        [CSC] Version: v2.27.45
2026-09-25 15:56:33 [INFO]  | |     \___ \| |        Minecraft Version: 1.21.1 neoforge
2026-09-25 15:56:33 [INFO]  | |____ ____) | |____    Problem/Feedback: Discord: https://discord.gg/rQV5JPauY7
2026-09-25 15:56:33 [INFO]   \_____|_____/ \_____|
2026-09-25 15:56:33 [INFO]                        
2026-09-25 16:15:52 [INFO] CSC close completely, thanks for using!
2026-09-25 16:18:04 [INFO] CSC is loading...   Success！
2026-09-25 16:20:30 [INFO]    _____  _____  _____ 
2026-09-25 16:20:30 [INFO]   / ____|/ ____|/ ____|
2026-09-25 16:20:30 [INFO]  | |    | (___ | |        [CSC] Version: v2.27.45
2026-09-25 16:20:30 [INFO]  | |     \___ \| |        Minecraft Version: 1.21.1 neoforge
2026-09-25 16:20:30 [INFO]  | |____ ____) | |____    Problem/Feedback: Discord: https://discord.gg/rQV5JPauY7
2026-09-25 16:20:30 [INFO]   \_____|_____/ \_____|
2026-09-25 16:20:30 [INFO]                        
2026-09-25 16:22:12 [INFO] CSC close completely, thanks for using!
2026-09-25 17:50:46 [INFO] CSC is loading...   Success！
2026-09-25 17:51:54 [INFO]    _____  _____  _____ 
2026-09-25 17:51:54 [INFO]   / ____|/ ____|/ ____|
2026-09-25 17:51:54 [INFO]  | |    | (___ | |        [CSC] Version: v2.27.45
2026-09-25 17:51:54 [INFO]  | |     \___ \| |        Minecraft Version: 1.21.1 neoforge
2026-09-25 17:51:54 [INFO]  | |____ ____) | |____    Problem/Feedback: Discord: https://discord.gg/rQV5JPauY7
2026-09-25 17:51:54 [INFO]   \_____|_____/ \_____|
2026-09-25 17:51:54 [INFO]                        
2026-09-25 18:00:05 [INFO] CSC close completely, thanks for using!
2026-09-25 18:02:10 [INFO] CSC is loading...   Success！
2026-09-25 18:16:17 [INFO] CSC is loading...   Success！
2026-09-25 18:18:33 [INFO]    _____  _____  _____ 
2026-09-25 18:18:33 [INFO]   / ____|/ ____|/ ____|
2026-09-25 18:18:33 [INFO]  | |    | (___ | |        [CSC] Version: v2.27.45
2026-09-25 18:18:33 [INFO]  | |     \___ \| |        Minecraft Version: 1.21.1 neoforge
2026-09-25 18:18:33 [INFO]  | |____ ____) | |____    Problem/Feedback: Discord: https://discord.gg/rQV5JPauY7
2026-09-25 18:18:33 [INFO]   \_____|_____/ \_____|
2026-09-25 18:18:33 [INFO]                        
2026-09-25 18:34:26 [INFO] CSC close completely, thanks for using!
2026-09-25 18:44:29 [INFO]    _____  _____  _____ 
2026-09-25 18:44:29 [INFO]   / ____|/ ____|/ ____|
2026-09-25 18:44:29 [INFO]  | |    | (___ | |        [CSC] Version: v2.27.45
2026-09-25 18:44:29 [INFO]  | |     \___ \| |        Minecraft Version: 1.21.1 neoforge
2026-09-25 18:44:29 [INFO]  | |____ ____) | |____    Problem/Feedback: Discord: https://discord.gg/rQV5JPauY7
2026-09-25 18:44:29 [INFO]   \_____|_____/ \_____|
2026-09-25 18:44:29 [INFO]                        
2026-09-25 18:49:16 [INFO] CSC close completely, thanks for using!
2026-09-25 18:59:48 [INFO] CSC is loading...   Success！
2026-09-25 19:13:06 [INFO]    _____  _____  _____ 
2026-09-25 19:13:06 [INFO]   / ____|/ ____|/ ____|
2026-09-25 19:13:06 [INFO]  | |    | (___ | |        [CSC] Version: v2.27.45
2026-09-25 19:13:06 [INFO]  | |     \___ \| |        Minecraft Version: 1.21.1 neoforge
2026-09-25 19:13:06 [INFO]  | |____ ____) | |____    Problem/Feedback: Discord: https://discord.gg/rQV5JPauY7
2026-09-25 19:13:06 [INFO]   \_____|_____/ \_____|
2026-09-25 19:13:06 [INFO]                        
2026-09-25 19:17:28 [INFO] CSC close completely, thanks for using!
2026-09-25 19:27:37 [INFO] CSC is loading...   Success！
2026-09-25 19:32:52 [INFO]    _____  _____  _____ 
2026-09-25 19:32:52 [INFO]   / ____|/ ____|/ ____|
2026-09-25 19:32:52 [INFO]  | |    | (___ | |        [CSC] Version: v2.27.45
2026-09-25 19:32:52 [INFO]  | |     \___ \| |        Minecraft Version: 1.21.1 neoforge
2026-09-25 19:32:52 [INFO]  | |____ ____) | |____    Problem/Feedback: Discord: https://discord.gg/rQV5JPauY7
2026-09-25 19:32:52 [INFO]   \_____|_____/ \_____|
2026-09-25 19:32:52 [INFO]                        
2026-09-25 20:13:38 [INFO] CSC close completely, thanks for using!
2026-09-25 21:47:58 [INFO] CSC is loading...   Success！
